// Jest Snapshot v1, https://goo.gl/fbAQLP

exports[`compileAll should produce a truffle contract abstraction via a json artifact produced by sol-compiler 1`] = `
Array [
  "truffle",
  "truffle/v0.4",
  "truffle/v0.4/Ownable.js",
  "truffle/v0.5",
  "truffle/v0.5/Ownable.js",
]
`;
