// Jest Snapshot v1, https://goo.gl/fbAQLP

exports[`compileAll should produce a solc artifact produced by sol-compiler 1`] = `
Array [
  "v0.4",
  "v0.4/Ownable.json",
  "v0.5",
  "v0.5/Ownable.json",
]
`;
